==================================================
RUN 12/02/2026 14:25:59,84
Found match pages: 11
[1/11] https://quechoa5.live/truc-tiep/gam-esports-vs-fukuoka-softbank-hawks-kyp-12-02-2026 | m3u8=25 | added=YES
[2/11] https://quechoa5.live/truc-tiep/fear-x-vs-dn-soopers-zvb-12-02-2026 | m3u8=25 | added=YES
[3/11] https://quechoa5.live/truc-tiep/pohang-steelers-vs-gamba-osaka-ygb-12-02-2026 | m3u8=22 | added=YES
[4/11] https://quechoa5.live/truc-tiep/portugal-vs-spain-gkv-12-02-2026 | m3u8=22 | added=NO
[5/11] https://quechoa5.live/truc-tiep/bangkok-united-vs-macarthur-fkl-12-02-2026 | m3u8=22 | added=NO
[6/11] https://quechoa5.live/truc-tiep/damac-vs-al-taawon-pbf-12-02-2026 | m3u8=22 | added=NO
[7/11] https://quechoa5.live/truc-tiep/lokomotiv-plovdiv-vs-botev-plovdiv-dtl-12-02-2026 | m3u8=22 | added=NO
[8/11] https://quechoa5.live/truc-tiep/halkbank-vs-lublin-wuw-12-02-2026 | m3u8=25 | added=NO
[9/11] https://quechoa5.live/truc-tiep/vk-lvi-prague-vs-perugia-rbv-12-02-2026 | m3u8=25 | added=NO
[10/11] https://quechoa5.live/truc-tiep/ach-ljubljana-vs-trentino-uqx-12-02-2026 | m3u8=24 | added=NO
[11/11] https://quechoa5.live/truc-tiep/guaguas-vs-br-volleys-hhs-12-02-2026 | m3u8=24 | added=NO
DONE -> D:\kaytee1012.github.io\quechoa.txt | channels: 3
warning: in the working copy of 'quechoa.txt', LF will be replaced by CRLF the next time Git touches it
No changes - commit/push.
==================================================
RUN 12/02/2026 19:19:46,47
Found match pages: 10
[1/10] https://quechoa5.live/truc-tiep/fear-x-vs-dn-soopers-zvb-12-02-2026 | m3u8=22 | added=YES
[2/10] https://quechoa5.live/truc-tiep/jakarta-elektrik-vs-medan-falcons-aff-12-02-2026 | m3u8=22 | added=YES
[3/10] https://quechoa5.live/truc-tiep/pohang-steelers-vs-gamba-osaka-ygb-12-02-2026 | m3u8=22 | added=YES
[4/10] https://quechoa5.live/truc-tiep/bangkok-united-vs-macarthur-fkl-12-02-2026 | m3u8=22 | added=YES
[5/10] https://quechoa5.live/truc-tiep/damac-vs-al-taawon-pbf-12-02-2026 | m3u8=22 | added=YES
[6/10] https://quechoa5.live/truc-tiep/lokomotiv-plovdiv-vs-botev-plovdiv-dtl-12-02-2026 | m3u8=22 | added=YES
[7/10] https://quechoa5.live/truc-tiep/halkbank-vs-lublin-wuw-12-02-2026 | m3u8=22 | added=YES
[8/10] https://quechoa5.live/truc-tiep/vk-lvi-prague-vs-perugia-rbv-12-02-2026 | m3u8=22 | added=YES
[9/10] https://quechoa5.live/truc-tiep/ach-ljubljana-vs-trentino-uqx-12-02-2026 | m3u8=22 | added=YES
[10/10] https://quechoa5.live/truc-tiep/guaguas-vs-br-volleys-hhs-12-02-2026 | m3u8=22 | added=NO
DONE -> D:\kaytee1012.github.io\quechoa.txt | channels: 9
warning: in the working copy of 'quechoa.txt', LF will be replaced by CRLF the next time Git touches it
